TimeQuest Timing Analyzer report for Lab04
Fri Oct 25 17:01:44 2019
Quartus II Version 10.0 Build 218 06/27/2010 SJ Web Edition


---------------------
; Table of Contents ;
---------------------
  1. Legal Notice
  2. TimeQuest Timing Analyzer Summary
  3. Parallel Compilation
  4. Clocks
  5. Slow 1200mV 85C Model Fmax Summary
  6. Slow 1200mV 85C Model Setup Summary
  7. Slow 1200mV 85C Model Hold Summary
  8. Slow 1200mV 85C Model Recovery Summary
  9. Slow 1200mV 85C Model Removal Summary
 10. Slow 1200mV 85C Model Minimum Pulse Width Summary
 11. Slow 1200mV 85C Model Setup: 'clk'
 12. Slow 1200mV 85C Model Hold: 'clk'
 13. Slow 1200mV 85C Model Minimum Pulse Width: 'clk'
 14. Setup Times
 15. Hold Times
 16. Clock to Output Times
 17. Minimum Clock to Output Times
 18. Propagation Delay
 19. Minimum Propagation Delay
 20. Slow 1200mV 85C Model Metastability Report
 21. Slow 1200mV 0C Model Fmax Summary
 22. Slow 1200mV 0C Model Setup Summary
 23. Slow 1200mV 0C Model Hold Summary
 24. Slow 1200mV 0C Model Recovery Summary
 25. Slow 1200mV 0C Model Removal Summary
 26. Slow 1200mV 0C Model Minimum Pulse Width Summary
 27. Slow 1200mV 0C Model Setup: 'clk'
 28. Slow 1200mV 0C Model Hold: 'clk'
 29. Slow 1200mV 0C Model Minimum Pulse Width: 'clk'
 30. Setup Times
 31. Hold Times
 32. Clock to Output Times
 33. Minimum Clock to Output Times
 34. Propagation Delay
 35. Minimum Propagation Delay
 36. Slow 1200mV 0C Model Metastability Report
 37. Fast 1200mV 0C Model Setup Summary
 38. Fast 1200mV 0C Model Hold Summary
 39. Fast 1200mV 0C Model Recovery Summary
 40. Fast 1200mV 0C Model Removal Summary
 41. Fast 1200mV 0C Model Minimum Pulse Width Summary
 42. Fast 1200mV 0C Model Setup: 'clk'
 43. Fast 1200mV 0C Model Hold: 'clk'
 44. Fast 1200mV 0C Model Minimum Pulse Width: 'clk'
 45. Setup Times
 46. Hold Times
 47. Clock to Output Times
 48. Minimum Clock to Output Times
 49. Propagation Delay
 50. Minimum Propagation Delay
 51. Fast 1200mV 0C Model Metastability Report
 52. Multicorner Timing Analysis Summary
 53. Setup Times
 54. Hold Times
 55. Clock to Output Times
 56. Minimum Clock to Output Times
 57. Progagation Delay
 58. Minimum Progagation Delay
 59. Board Trace Model Assignments
 60. Input Transition Times
 61. Signal Integrity Metrics (Slow 1200mv 0c Model)
 62. Signal Integrity Metrics (Slow 1200mv 85c Model)
 63. Signal Integrity Metrics (Fast 1200mv 0c Model)
 64. Setup Transfers
 65. Hold Transfers
 66. Report TCCS
 67. Report RSKM
 68. Unconstrained Paths
 69. TimeQuest Timing Analyzer Messages



----------------
; Legal Notice ;
----------------
Copyright (C) 1991-2010 Altera Corporation
Your use of Altera Corporation's design tools, logic functions 
and other software and tools, and its AMPP partner logic 
functions, and any output files from any of the foregoing 
(including device programming or simulation files), and any 
associated documentation or information are expressly subject 
to the terms and conditions of the Altera Program License 
Subscription Agreement, Altera MegaCore Function License 
Agreement, or other applicable license agreement, including, 
without limitation, that your use is for the sole purpose of 
programming logic devices manufactured by Altera and sold by 
Altera or its authorized distributors.  Please refer to the 
applicable agreement for further details.



+-----------------------------------------------------------------------+
; TimeQuest Timing Analyzer Summary                                     ;
+--------------------+--------------------------------------------------+
; Quartus II Version ; Version 10.0 Build 218 06/27/2010 SJ Web Edition ;
; Revision Name      ; Lab04                                            ;
; Device Family      ; Cyclone IV E                                     ;
; Device Name        ; EP4CE115F29C7                                    ;
; Timing Models      ; Final                                            ;
; Delay Model        ; Combined                                         ;
; Rise/Fall Delays   ; Enabled                                          ;
+--------------------+--------------------------------------------------+


Parallel compilation was disabled, but you have multiple processors available. Enable parallel compilation to reduce compilation time.
+-------------------------------------+
; Parallel Compilation                ;
+----------------------------+--------+
; Processors                 ; Number ;
+----------------------------+--------+
; Number detected on machine ; 6      ;
; Maximum allowed            ; 1      ;
+----------------------------+--------+


+---------------------------------------------------------------------------------------------------------------------------------------------------------------------------------+
; Clocks                                                                                                                                                                          ;
+------------+------+--------+------------+-------+-------+------------+-----------+-------------+-------+--------+-----------+------------+----------+--------+--------+---------+
; Clock Name ; Type ; Period ; Frequency  ; Rise  ; Fall  ; Duty Cycle ; Divide by ; Multiply by ; Phase ; Offset ; Edge List ; Edge Shift ; Inverted ; Master ; Source ; Targets ;
+------------+------+--------+------------+-------+-------+------------+-----------+-------------+-------+--------+-----------+------------+----------+--------+--------+---------+
; clk        ; Base ; 1.000  ; 1000.0 MHz ; 0.000 ; 0.500 ;            ;           ;             ;       ;        ;           ;            ;          ;        ;        ; { clk } ;
+------------+------+--------+------------+-------+-------+------------+-----------+-------------+-------+--------+-----------+------------+----------+--------+--------+---------+


+-----------------------------------------------------------------------------------------------------------+
; Slow 1200mV 85C Model Fmax Summary                                                                        ;
+------------+-----------------+------------+---------------------------------------------------------------+
; Fmax       ; Restricted Fmax ; Clock Name ; Note                                                          ;
+------------+-----------------+------------+---------------------------------------------------------------+
; 548.55 MHz ; 250.0 MHz       ; clk        ; limit due to minimum period restriction (max I/O toggle rate) ;
+------------+-----------------+------------+---------------------------------------------------------------+
This panel reports FMAX for every clock in the design, regardless of the user-specified clock periods.  FMAX is only computed for paths where the source and destination registers or ports are driven by the same clock.  Paths of different clocks, including generated clocks, are ignored.  For paths between a clock and its inversion, FMAX is computed as if the rising and falling edges are scaled along with FMAX, such that the duty cycle (in terms of a percentage) is maintained. Altera recommends that you always use clock constraints and other slack reports for sign-off analysis.


+-------------------------------------+
; Slow 1200mV 85C Model Setup Summary ;
+-------+--------+--------------------+
; Clock ; Slack  ; End Point TNS      ;
+-------+--------+--------------------+
; clk   ; -0.823 ; -1.707             ;
+-------+--------+--------------------+


+------------------------------------+
; Slow 1200mV 85C Model Hold Summary ;
+-------+-------+--------------------+
; Clock ; Slack ; End Point TNS      ;
+-------+-------+--------------------+
; clk   ; 0.382 ; 0.000              ;
+-------+-------+--------------------+


------------------------------------------
; Slow 1200mV 85C Model Recovery Summary ;
------------------------------------------
No paths to report.


-----------------------------------------
; Slow 1200mV 85C Model Removal Summary ;
-----------------------------------------
No paths to report.


+---------------------------------------------------+
; Slow 1200mV 85C Model Minimum Pulse Width Summary ;
+-------+--------+----------------------------------+
; Clock ; Slack  ; End Point TNS                    ;
+-------+--------+----------------------------------+
; clk   ; -3.000 ; -8.140                           ;
+-------+--------+----------------------------------+


+----------------------------------------------------------------------------------------------------+
; Slow 1200mV 85C Model Setup: 'clk'                                                                 ;
+--------+-----------+---------+--------------+-------------+--------------+------------+------------+
; Slack  ; From Node ; To Node ; Launch Clock ; Latch Clock ; Relationship ; Clock Skew ; Data Delay ;
+--------+-----------+---------+--------------+-------------+--------------+------------+------------+
; -0.823 ; inst16    ; inst28  ; clk          ; clk         ; 1.000        ; -0.081     ; 1.740      ;
; -0.662 ; inst10    ; inst28  ; clk          ; clk         ; 1.000        ; -0.081     ; 1.579      ;
; -0.594 ; inst28    ; inst28  ; clk          ; clk         ; 1.000        ; -0.081     ; 1.511      ;
; -0.553 ; inst22    ; inst28  ; clk          ; clk         ; 1.000        ; -0.081     ; 1.470      ;
; -0.459 ; inst16    ; inst22  ; clk          ; clk         ; 1.000        ; -0.081     ; 1.376      ;
; -0.425 ; inst16    ; inst16  ; clk          ; clk         ; 1.000        ; -0.081     ; 1.342      ;
; -0.298 ; inst10    ; inst22  ; clk          ; clk         ; 1.000        ; -0.081     ; 1.215      ;
; -0.276 ; inst10    ; inst16  ; clk          ; clk         ; 1.000        ; -0.081     ; 1.193      ;
; 0.152  ; inst10    ; inst10  ; clk          ; clk         ; 1.000        ; -0.081     ; 0.765      ;
; 0.152  ; inst22    ; inst22  ; clk          ; clk         ; 1.000        ; -0.081     ; 0.765      ;
+--------+-----------+---------+--------------+-------------+--------------+------------+------------+


+---------------------------------------------------------------------------------------------------+
; Slow 1200mV 85C Model Hold: 'clk'                                                                 ;
+-------+-----------+---------+--------------+-------------+--------------+------------+------------+
; Slack ; From Node ; To Node ; Launch Clock ; Latch Clock ; Relationship ; Clock Skew ; Data Delay ;
+-------+-----------+---------+--------------+-------------+--------------+------------+------------+
; 0.382 ; inst10    ; inst10  ; clk          ; clk         ; 0.000        ; 0.081      ; 0.669      ;
; 0.382 ; inst22    ; inst22  ; clk          ; clk         ; 0.000        ; 0.081      ; 0.669      ;
; 0.771 ; inst10    ; inst16  ; clk          ; clk         ; 0.000        ; 0.081      ; 1.058      ;
; 0.802 ; inst10    ; inst22  ; clk          ; clk         ; 0.000        ; 0.081      ; 1.089      ;
; 0.897 ; inst16    ; inst16  ; clk          ; clk         ; 0.000        ; 0.081      ; 1.184      ;
; 0.924 ; inst16    ; inst22  ; clk          ; clk         ; 0.000        ; 0.081      ; 1.211      ;
; 1.008 ; inst28    ; inst28  ; clk          ; clk         ; 0.000        ; 0.081      ; 1.295      ;
; 1.045 ; inst22    ; inst28  ; clk          ; clk         ; 0.000        ; 0.081      ; 1.332      ;
; 1.145 ; inst10    ; inst28  ; clk          ; clk         ; 0.000        ; 0.081      ; 1.432      ;
; 1.267 ; inst16    ; inst28  ; clk          ; clk         ; 0.000        ; 0.081      ; 1.554      ;
+-------+-----------+---------+--------------+-------------+--------------+------------+------------+


+------------------------------------------------------------------------------------------------------------+
; Slow 1200mV 85C Model Minimum Pulse Width: 'clk'                                                           ;
+--------+--------------+----------------+------------------+-------+------------+---------------------------+
; Slack  ; Actual Width ; Required Width ; Type             ; Clock ; Clock Edge ; Target                    ;
+--------+--------------+----------------+------------------+-------+------------+---------------------------+
; -3.000 ; 1.000        ; 4.000          ; Port Rate        ; clk   ; Rise       ; clk                       ;
; -1.285 ; 1.000        ; 2.285          ; Min Period       ; clk   ; Rise       ; inst10                    ;
; -1.285 ; 1.000        ; 2.285          ; Min Period       ; clk   ; Rise       ; inst16                    ;
; -1.285 ; 1.000        ; 2.285          ; Min Period       ; clk   ; Rise       ; inst22                    ;
; -1.285 ; 1.000        ; 2.285          ; Min Period       ; clk   ; Rise       ; inst28                    ;
; 0.255  ; 0.443        ; 0.188          ; Low Pulse Width  ; clk   ; Rise       ; inst10                    ;
; 0.255  ; 0.443        ; 0.188          ; Low Pulse Width  ; clk   ; Rise       ; inst16                    ;
; 0.255  ; 0.443        ; 0.188          ; Low Pulse Width  ; clk   ; Rise       ; inst22                    ;
; 0.255  ; 0.443        ; 0.188          ; Low Pulse Width  ; clk   ; Rise       ; inst28                    ;
; 0.336  ; 0.556        ; 0.220          ; High Pulse Width ; clk   ; Rise       ; inst10                    ;
; 0.336  ; 0.556        ; 0.220          ; High Pulse Width ; clk   ; Rise       ; inst16                    ;
; 0.336  ; 0.556        ; 0.220          ; High Pulse Width ; clk   ; Rise       ; inst22                    ;
; 0.336  ; 0.556        ; 0.220          ; High Pulse Width ; clk   ; Rise       ; inst28                    ;
; 0.394  ; 0.394        ; 0.000          ; Low Pulse Width  ; clk   ; Rise       ; clk~input|o               ;
; 0.408  ; 0.408        ; 0.000          ; Low Pulse Width  ; clk   ; Rise       ; clk~inputclkctrl|inclk[0] ;
; 0.408  ; 0.408        ; 0.000          ; Low Pulse Width  ; clk   ; Rise       ; clk~inputclkctrl|outclk   ;
; 0.408  ; 0.408        ; 0.000          ; Low Pulse Width  ; clk   ; Rise       ; inst10|clk                ;
; 0.408  ; 0.408        ; 0.000          ; Low Pulse Width  ; clk   ; Rise       ; inst16|clk                ;
; 0.408  ; 0.408        ; 0.000          ; Low Pulse Width  ; clk   ; Rise       ; inst22|clk                ;
; 0.408  ; 0.408        ; 0.000          ; Low Pulse Width  ; clk   ; Rise       ; inst28|clk                ;
; 0.500  ; 0.500        ; 0.000          ; High Pulse Width ; clk   ; Rise       ; clk~input|i               ;
; 0.500  ; 0.500        ; 0.000          ; Low Pulse Width  ; clk   ; Rise       ; clk~input|i               ;
; 0.592  ; 0.592        ; 0.000          ; High Pulse Width ; clk   ; Rise       ; clk~inputclkctrl|inclk[0] ;
; 0.592  ; 0.592        ; 0.000          ; High Pulse Width ; clk   ; Rise       ; clk~inputclkctrl|outclk   ;
; 0.592  ; 0.592        ; 0.000          ; High Pulse Width ; clk   ; Rise       ; inst10|clk                ;
; 0.592  ; 0.592        ; 0.000          ; High Pulse Width ; clk   ; Rise       ; inst16|clk                ;
; 0.592  ; 0.592        ; 0.000          ; High Pulse Width ; clk   ; Rise       ; inst22|clk                ;
; 0.592  ; 0.592        ; 0.000          ; High Pulse Width ; clk   ; Rise       ; inst28|clk                ;
; 0.606  ; 0.606        ; 0.000          ; High Pulse Width ; clk   ; Rise       ; clk~input|o               ;
+--------+--------------+----------------+------------------+-------+------------+---------------------------+


+-----------------------------------------------------------------------+
; Setup Times                                                           ;
+-----------+------------+-------+-------+------------+-----------------+
; Data Port ; Clock Port ; Rise  ; Fall  ; Clock Edge ; Clock Reference ;
+-----------+------------+-------+-------+------------+-----------------+
; Count     ; clk        ; 2.922 ; 3.329 ; Rise       ; clk             ;
; D0        ; clk        ; 2.312 ; 2.768 ; Rise       ; clk             ;
; D1        ; clk        ; 2.299 ; 2.732 ; Rise       ; clk             ;
; D2        ; clk        ; 2.236 ; 2.676 ; Rise       ; clk             ;
; D3        ; clk        ; 2.196 ; 2.623 ; Rise       ; clk             ;
; Load      ; clk        ; 2.096 ; 2.457 ; Rise       ; clk             ;
+-----------+------------+-------+-------+------------+-----------------+


+-------------------------------------------------------------------------+
; Hold Times                                                              ;
+-----------+------------+--------+--------+------------+-----------------+
; Data Port ; Clock Port ; Rise   ; Fall   ; Clock Edge ; Clock Reference ;
+-----------+------------+--------+--------+------------+-----------------+
; Count     ; clk        ; -1.451 ; -1.828 ; Rise       ; clk             ;
; D0        ; clk        ; -1.769 ; -2.186 ; Rise       ; clk             ;
; D1        ; clk        ; -1.800 ; -2.197 ; Rise       ; clk             ;
; D2        ; clk        ; -1.696 ; -2.099 ; Rise       ; clk             ;
; D3        ; clk        ; -1.715 ; -2.116 ; Rise       ; clk             ;
; Load      ; clk        ; -0.736 ; -1.111 ; Rise       ; clk             ;
+-----------+------------+--------+--------+------------+-----------------+


+-------------------------------------------------------------------------+
; Clock to Output Times                                                   ;
+-----------+------------+--------+--------+------------+-----------------+
; Data Port ; Clock Port ; Rise   ; Fall   ; Clock Edge ; Clock Reference ;
+-----------+------------+--------+--------+------------+-----------------+
; CO        ; clk        ; 10.738 ; 10.711 ; Rise       ; clk             ;
; Q0        ; clk        ; 13.163 ; 13.178 ; Rise       ; clk             ;
; Q1        ; clk        ; 12.445 ; 12.521 ; Rise       ; clk             ;
; Q2        ; clk        ; 12.293 ; 12.093 ; Rise       ; clk             ;
; Q3        ; clk        ; 9.275  ; 9.351  ; Rise       ; clk             ;
+-----------+------------+--------+--------+------------+-----------------+


+-------------------------------------------------------------------------+
; Minimum Clock to Output Times                                           ;
+-----------+------------+--------+--------+------------+-----------------+
; Data Port ; Clock Port ; Rise   ; Fall   ; Clock Edge ; Clock Reference ;
+-----------+------------+--------+--------+------------+-----------------+
; CO        ; clk        ; 9.601  ; 9.567  ; Rise       ; clk             ;
; Q0        ; clk        ; 12.683 ; 12.695 ; Rise       ; clk             ;
; Q1        ; clk        ; 12.046 ; 12.122 ; Rise       ; clk             ;
; Q2        ; clk        ; 11.846 ; 11.653 ; Rise       ; clk             ;
; Q3        ; clk        ; 8.949  ; 9.020  ; Rise       ; clk             ;
+-----------+------------+--------+--------+------------+-----------------+


+--------------------------------------------------------------+
; Propagation Delay                                            ;
+------------+-------------+--------+--------+--------+--------+
; Input Port ; Output Port ; RR     ; RF     ; FR     ; FF     ;
+------------+-------------+--------+--------+--------+--------+
; Count      ; CO          ; 11.925 ;        ;        ; 12.205 ;
; Load       ; CO          ;        ; 10.972 ; 11.460 ;        ;
+------------+-------------+--------+--------+--------+--------+


+--------------------------------------------------------------+
; Minimum Propagation Delay                                    ;
+------------+-------------+--------+--------+--------+--------+
; Input Port ; Output Port ; RR     ; RF     ; FR     ; FF     ;
+------------+-------------+--------+--------+--------+--------+
; Count      ; CO          ; 11.483 ;        ;        ; 11.739 ;
; Load       ; CO          ;        ; 10.553 ; 11.036 ;        ;
+------------+-------------+--------+--------+--------+--------+


----------------------------------------------
; Slow 1200mV 85C Model Metastability Report ;
----------------------------------------------
No synchronizer chains to report.


+----------------------------------------------------------------------------------------------------------+
; Slow 1200mV 0C Model Fmax Summary                                                                        ;
+-----------+-----------------+------------+---------------------------------------------------------------+
; Fmax      ; Restricted Fmax ; Clock Name ; Note                                                          ;
+-----------+-----------------+------------+---------------------------------------------------------------+
; 603.5 MHz ; 250.0 MHz       ; clk        ; limit due to minimum period restriction (max I/O toggle rate) ;
+-----------+-----------------+------------+---------------------------------------------------------------+
This panel reports FMAX for every clock in the design, regardless of the user-specified clock periods.  FMAX is only computed for paths where the source and destination registers or ports are driven by the same clock.  Paths of different clocks, including generated clocks, are ignored.  For paths between a clock and its inversion, FMAX is computed as if the rising and falling edges are scaled along with FMAX, such that the duty cycle (in terms of a percentage) is maintained. Altera recommends that you always use clock constraints and other slack reports for sign-off analysis.


+------------------------------------+
; Slow 1200mV 0C Model Setup Summary ;
+-------+--------+-------------------+
; Clock ; Slack  ; End Point TNS     ;
+-------+--------+-------------------+
; clk   ; -0.657 ; -1.260            ;
+-------+--------+-------------------+


+-----------------------------------+
; Slow 1200mV 0C Model Hold Summary ;
+-------+-------+-------------------+
; Clock ; Slack ; End Point TNS     ;
+-------+-------+-------------------+
; clk   ; 0.334 ; 0.000             ;
+-------+-------+-------------------+


-----------------------------------------
; Slow 1200mV 0C Model Recovery Summary ;
-----------------------------------------
No paths to report.


----------------------------------------
; Slow 1200mV 0C Model Removal Summary ;
----------------------------------------
No paths to report.


+--------------------------------------------------+
; Slow 1200mV 0C Model Minimum Pulse Width Summary ;
+-------+--------+---------------------------------+
; Clock ; Slack  ; End Point TNS                   ;
+-------+--------+---------------------------------+
; clk   ; -3.000 ; -8.140                          ;
+-------+--------+---------------------------------+


+----------------------------------------------------------------------------------------------------+
; Slow 1200mV 0C Model Setup: 'clk'                                                                  ;
+--------+-----------+---------+--------------+-------------+--------------+------------+------------+
; Slack  ; From Node ; To Node ; Launch Clock ; Latch Clock ; Relationship ; Clock Skew ; Data Delay ;
+--------+-----------+---------+--------------+-------------+--------------+------------+------------+
; -0.657 ; inst16    ; inst28  ; clk          ; clk         ; 1.000        ; -0.072     ; 1.584      ;
; -0.510 ; inst10    ; inst28  ; clk          ; clk         ; 1.000        ; -0.072     ; 1.437      ;
; -0.430 ; inst28    ; inst28  ; clk          ; clk         ; 1.000        ; -0.072     ; 1.357      ;
; -0.390 ; inst22    ; inst28  ; clk          ; clk         ; 1.000        ; -0.072     ; 1.317      ;
; -0.320 ; inst16    ; inst22  ; clk          ; clk         ; 1.000        ; -0.072     ; 1.247      ;
; -0.283 ; inst16    ; inst16  ; clk          ; clk         ; 1.000        ; -0.072     ; 1.210      ;
; -0.173 ; inst10    ; inst22  ; clk          ; clk         ; 1.000        ; -0.072     ; 1.100      ;
; -0.162 ; inst10    ; inst16  ; clk          ; clk         ; 1.000        ; -0.072     ; 1.089      ;
; 0.244  ; inst10    ; inst10  ; clk          ; clk         ; 1.000        ; -0.072     ; 0.683      ;
; 0.244  ; inst22    ; inst22  ; clk          ; clk         ; 1.000        ; -0.072     ; 0.683      ;
+--------+-----------+---------+--------------+-------------+--------------+------------+------------+


+---------------------------------------------------------------------------------------------------+
; Slow 1200mV 0C Model Hold: 'clk'                                                                  ;
+-------+-----------+---------+--------------+-------------+--------------+------------+------------+
; Slack ; From Node ; To Node ; Launch Clock ; Latch Clock ; Relationship ; Clock Skew ; Data Delay ;
+-------+-----------+---------+--------------+-------------+--------------+------------+------------+
; 0.334 ; inst10    ; inst10  ; clk          ; clk         ; 0.000        ; 0.072      ; 0.597      ;
; 0.334 ; inst22    ; inst22  ; clk          ; clk         ; 0.000        ; 0.072      ; 0.597      ;
; 0.694 ; inst10    ; inst16  ; clk          ; clk         ; 0.000        ; 0.072      ; 0.957      ;
; 0.732 ; inst10    ; inst22  ; clk          ; clk         ; 0.000        ; 0.072      ; 0.995      ;
; 0.808 ; inst16    ; inst16  ; clk          ; clk         ; 0.000        ; 0.072      ; 1.071      ;
; 0.841 ; inst16    ; inst22  ; clk          ; clk         ; 0.000        ; 0.072      ; 1.104      ;
; 0.916 ; inst28    ; inst28  ; clk          ; clk         ; 0.000        ; 0.072      ; 1.179      ;
; 0.955 ; inst22    ; inst28  ; clk          ; clk         ; 0.000        ; 0.072      ; 1.218      ;
; 1.041 ; inst10    ; inst28  ; clk          ; clk         ; 0.000        ; 0.072      ; 1.304      ;
; 1.150 ; inst16    ; inst28  ; clk          ; clk         ; 0.000        ; 0.072      ; 1.413      ;
+-------+-----------+---------+--------------+-------------+--------------+------------+------------+


+------------------------------------------------------------------------------------------------------------+
; Slow 1200mV 0C Model Minimum Pulse Width: 'clk'                                                            ;
+--------+--------------+----------------+------------------+-------+------------+---------------------------+
; Slack  ; Actual Width ; Required Width ; Type             ; Clock ; Clock Edge ; Target                    ;
+--------+--------------+----------------+------------------+-------+------------+---------------------------+
; -3.000 ; 1.000        ; 4.000          ; Port Rate        ; clk   ; Rise       ; clk                       ;
; -1.285 ; 1.000        ; 2.285          ; Min Period       ; clk   ; Rise       ; inst10                    ;
; -1.285 ; 1.000        ; 2.285          ; Min Period       ; clk   ; Rise       ; inst16                    ;
; -1.285 ; 1.000        ; 2.285          ; Min Period       ; clk   ; Rise       ; inst22                    ;
; -1.285 ; 1.000        ; 2.285          ; Min Period       ; clk   ; Rise       ; inst28                    ;
; 0.276  ; 0.462        ; 0.186          ; Low Pulse Width  ; clk   ; Rise       ; inst10                    ;
; 0.276  ; 0.462        ; 0.186          ; Low Pulse Width  ; clk   ; Rise       ; inst16                    ;
; 0.276  ; 0.462        ; 0.186          ; Low Pulse Width  ; clk   ; Rise       ; inst22                    ;
; 0.276  ; 0.462        ; 0.186          ; Low Pulse Width  ; clk   ; Rise       ; inst28                    ;
; 0.318  ; 0.536        ; 0.218          ; High Pulse Width ; clk   ; Rise       ; inst10                    ;
; 0.318  ; 0.536        ; 0.218          ; High Pulse Width ; clk   ; Rise       ; inst16                    ;
; 0.318  ; 0.536        ; 0.218          ; High Pulse Width ; clk   ; Rise       ; inst22                    ;
; 0.318  ; 0.536        ; 0.218          ; High Pulse Width ; clk   ; Rise       ; inst28                    ;
; 0.416  ; 0.416        ; 0.000          ; Low Pulse Width  ; clk   ; Rise       ; clk~input|o               ;
; 0.422  ; 0.422        ; 0.000          ; Low Pulse Width  ; clk   ; Rise       ; clk~inputclkctrl|inclk[0] ;
; 0.422  ; 0.422        ; 0.000          ; Low Pulse Width  ; clk   ; Rise       ; clk~inputclkctrl|outclk   ;
; 0.424  ; 0.424        ; 0.000          ; Low Pulse Width  ; clk   ; Rise       ; inst10|clk                ;
; 0.424  ; 0.424        ; 0.000          ; Low Pulse Width  ; clk   ; Rise       ; inst16|clk                ;
; 0.424  ; 0.424        ; 0.000          ; Low Pulse Width  ; clk   ; Rise       ; inst22|clk                ;
; 0.424  ; 0.424        ; 0.000          ; Low Pulse Width  ; clk   ; Rise       ; inst28|clk                ;
; 0.500  ; 0.500        ; 0.000          ; High Pulse Width ; clk   ; Rise       ; clk~input|i               ;
; 0.500  ; 0.500        ; 0.000          ; Low Pulse Width  ; clk   ; Rise       ; clk~input|i               ;
; 0.576  ; 0.576        ; 0.000          ; High Pulse Width ; clk   ; Rise       ; inst10|clk                ;
; 0.576  ; 0.576        ; 0.000          ; High Pulse Width ; clk   ; Rise       ; inst16|clk                ;
; 0.576  ; 0.576        ; 0.000          ; High Pulse Width ; clk   ; Rise       ; inst22|clk                ;
; 0.576  ; 0.576        ; 0.000          ; High Pulse Width ; clk   ; Rise       ; inst28|clk                ;
; 0.578  ; 0.578        ; 0.000          ; High Pulse Width ; clk   ; Rise       ; clk~inputclkctrl|inclk[0] ;
; 0.578  ; 0.578        ; 0.000          ; High Pulse Width ; clk   ; Rise       ; clk~inputclkctrl|outclk   ;
; 0.584  ; 0.584        ; 0.000          ; High Pulse Width ; clk   ; Rise       ; clk~input|o               ;
+--------+--------------+----------------+------------------+-------+------------+---------------------------+


+-----------------------------------------------------------------------+
; Setup Times                                                           ;
+-----------+------------+-------+-------+------------+-----------------+
; Data Port ; Clock Port ; Rise  ; Fall  ; Clock Edge ; Clock Reference ;
+-----------+------------+-------+-------+------------+-----------------+
; Count     ; clk        ; 2.625 ; 2.857 ; Rise       ; clk             ;
; D0        ; clk        ; 2.050 ; 2.335 ; Rise       ; clk             ;
; D1        ; clk        ; 2.043 ; 2.305 ; Rise       ; clk             ;
; D2        ; clk        ; 1.979 ; 2.249 ; Rise       ; clk             ;
; D3        ; clk        ; 1.948 ; 2.209 ; Rise       ; clk             ;
; Load      ; clk        ; 1.830 ; 2.085 ; Rise       ; clk             ;
+-----------+------------+-------+-------+------------+-----------------+


+-------------------------------------------------------------------------+
; Hold Times                                                              ;
+-----------+------------+--------+--------+------------+-----------------+
; Data Port ; Clock Port ; Rise   ; Fall   ; Clock Edge ; Clock Reference ;
+-----------+------------+--------+--------+------------+-----------------+
; Count     ; clk        ; -1.276 ; -1.501 ; Rise       ; clk             ;
; D0        ; clk        ; -1.565 ; -1.818 ; Rise       ; clk             ;
; D1        ; clk        ; -1.592 ; -1.833 ; Rise       ; clk             ;
; D2        ; clk        ; -1.497 ; -1.736 ; Rise       ; clk             ;
; D3        ; clk        ; -1.517 ; -1.760 ; Rise       ; clk             ;
; Load      ; clk        ; -0.602 ; -0.862 ; Rise       ; clk             ;
+-----------+------------+--------+--------+------------+-----------------+


+-------------------------------------------------------------------------+
; Clock to Output Times                                                   ;
+-----------+------------+--------+--------+------------+-----------------+
; Data Port ; Clock Port ; Rise   ; Fall   ; Clock Edge ; Clock Reference ;
+-----------+------------+--------+--------+------------+-----------------+
; CO        ; clk        ; 9.796  ; 9.637  ; Rise       ; clk             ;
; Q0        ; clk        ; 12.115 ; 11.831 ; Rise       ; clk             ;
; Q1        ; clk        ; 11.329 ; 11.198 ; Rise       ; clk             ;
; Q2        ; clk        ; 11.339 ; 10.850 ; Rise       ; clk             ;
; Q3        ; clk        ; 8.448  ; 8.397  ; Rise       ; clk             ;
+-----------+------------+--------+--------+------------+-----------------+


+-------------------------------------------------------------------------+
; Minimum Clock to Output Times                                           ;
+-----------+------------+--------+--------+------------+-----------------+
; Data Port ; Clock Port ; Rise   ; Fall   ; Clock Edge ; Clock Reference ;
+-----------+------------+--------+--------+------------+-----------------+
; CO        ; clk        ; 8.727  ; 8.604  ; Rise       ; clk             ;
; Q0        ; clk        ; 11.656 ; 11.382 ; Rise       ; clk             ;
; Q1        ; clk        ; 10.948 ; 10.824 ; Rise       ; clk             ;
; Q2        ; clk        ; 10.910 ; 10.439 ; Rise       ; clk             ;
; Q3        ; clk        ; 8.135  ; 8.085  ; Rise       ; clk             ;
+-----------+------------+--------+--------+------------+-----------------+


+-------------------------------------------------------------+
; Propagation Delay                                           ;
+------------+-------------+--------+-------+--------+--------+
; Input Port ; Output Port ; RR     ; RF    ; FR     ; FF     ;
+------------+-------------+--------+-------+--------+--------+
; Count      ; CO          ; 10.831 ;       ;        ; 10.829 ;
; Load       ; CO          ;        ; 9.802 ; 10.291 ;        ;
+------------+-------------+--------+-------+--------+--------+


+------------------------------------------------------------+
; Minimum Propagation Delay                                  ;
+------------+-------------+--------+-------+-------+--------+
; Input Port ; Output Port ; RR     ; RF    ; FR    ; FF     ;
+------------+-------------+--------+-------+-------+--------+
; Count      ; CO          ; 10.409 ;       ;       ; 10.399 ;
; Load       ; CO          ;        ; 9.414 ; 9.888 ;        ;
+------------+-------------+--------+-------+-------+--------+


---------------------------------------------
; Slow 1200mV 0C Model Metastability Report ;
---------------------------------------------
No synchronizer chains to report.


+------------------------------------+
; Fast 1200mV 0C Model Setup Summary ;
+-------+-------+--------------------+
; Clock ; Slack ; End Point TNS      ;
+-------+-------+--------------------+
; clk   ; 0.119 ; 0.000              ;
+-------+-------+--------------------+


+-----------------------------------+
; Fast 1200mV 0C Model Hold Summary ;
+-------+-------+-------------------+
; Clock ; Slack ; End Point TNS     ;
+-------+-------+-------------------+
; clk   ; 0.162 ; 0.000             ;
+-------+-------+-------------------+


-----------------------------------------
; Fast 1200mV 0C Model Recovery Summary ;
-----------------------------------------
No paths to report.


----------------------------------------
; Fast 1200mV 0C Model Removal Summary ;
----------------------------------------
No paths to report.


+--------------------------------------------------+
; Fast 1200mV 0C Model Minimum Pulse Width Summary ;
+-------+--------+---------------------------------+
; Clock ; Slack  ; End Point TNS                   ;
+-------+--------+---------------------------------+
; clk   ; -3.000 ; -10.844                         ;
+-------+--------+---------------------------------+


+---------------------------------------------------------------------------------------------------+
; Fast 1200mV 0C Model Setup: 'clk'                                                                 ;
+-------+-----------+---------+--------------+-------------+--------------+------------+------------+
; Slack ; From Node ; To Node ; Launch Clock ; Latch Clock ; Relationship ; Clock Skew ; Data Delay ;
+-------+-----------+---------+--------------+-------------+--------------+------------+------------+
; 0.119 ; inst16    ; inst28  ; clk          ; clk         ; 1.000        ; -0.041     ; 0.827      ;
; 0.192 ; inst10    ; inst28  ; clk          ; clk         ; 1.000        ; -0.041     ; 0.754      ;
; 0.221 ; inst28    ; inst28  ; clk          ; clk         ; 1.000        ; -0.041     ; 0.725      ;
; 0.238 ; inst22    ; inst28  ; clk          ; clk         ; 1.000        ; -0.041     ; 0.708      ;
; 0.296 ; inst16    ; inst22  ; clk          ; clk         ; 1.000        ; -0.041     ; 0.650      ;
; 0.306 ; inst16    ; inst16  ; clk          ; clk         ; 1.000        ; -0.041     ; 0.640      ;
; 0.369 ; inst10    ; inst22  ; clk          ; clk         ; 1.000        ; -0.041     ; 0.577      ;
; 0.383 ; inst10    ; inst16  ; clk          ; clk         ; 1.000        ; -0.041     ; 0.563      ;
; 0.587 ; inst10    ; inst10  ; clk          ; clk         ; 1.000        ; -0.041     ; 0.359      ;
; 0.587 ; inst22    ; inst22  ; clk          ; clk         ; 1.000        ; -0.041     ; 0.359      ;
+-------+-----------+---------+--------------+-------------+--------------+------------+------------+


+---------------------------------------------------------------------------------------------------+
; Fast 1200mV 0C Model Hold: 'clk'                                                                  ;
+-------+-----------+---------+--------------+-------------+--------------+------------+------------+
; Slack ; From Node ; To Node ; Launch Clock ; Latch Clock ; Relationship ; Clock Skew ; Data Delay ;
+-------+-----------+---------+--------------+-------------+--------------+------------+------------+
; 0.162 ; inst10    ; inst10  ; clk          ; clk         ; 0.000        ; 0.041      ; 0.307      ;
; 0.162 ; inst22    ; inst22  ; clk          ; clk         ; 0.000        ; 0.041      ; 0.307      ;
; 0.337 ; inst10    ; inst16  ; clk          ; clk         ; 0.000        ; 0.041      ; 0.482      ;
; 0.351 ; inst10    ; inst22  ; clk          ; clk         ; 0.000        ; 0.041      ; 0.496      ;
; 0.398 ; inst16    ; inst16  ; clk          ; clk         ; 0.000        ; 0.041      ; 0.543      ;
; 0.410 ; inst16    ; inst22  ; clk          ; clk         ; 0.000        ; 0.041      ; 0.555      ;
; 0.448 ; inst28    ; inst28  ; clk          ; clk         ; 0.000        ; 0.041      ; 0.593      ;
; 0.459 ; inst22    ; inst28  ; clk          ; clk         ; 0.000        ; 0.041      ; 0.604      ;
; 0.507 ; inst10    ; inst28  ; clk          ; clk         ; 0.000        ; 0.041      ; 0.652      ;
; 0.566 ; inst16    ; inst28  ; clk          ; clk         ; 0.000        ; 0.041      ; 0.711      ;
+-------+-----------+---------+--------------+-------------+--------------+------------+------------+


+------------------------------------------------------------------------------------------------------------+
; Fast 1200mV 0C Model Minimum Pulse Width: 'clk'                                                            ;
+--------+--------------+----------------+------------------+-------+------------+---------------------------+
; Slack  ; Actual Width ; Required Width ; Type             ; Clock ; Clock Edge ; Target                    ;
+--------+--------------+----------------+------------------+-------+------------+---------------------------+
; -3.000 ; 1.000        ; 4.000          ; Port Rate        ; clk   ; Rise       ; clk                       ;
; -1.899 ; 1.000        ; 2.899          ; Min Period       ; clk   ; Rise       ; inst10                    ;
; -1.899 ; 1.000        ; 2.899          ; Min Period       ; clk   ; Rise       ; inst16                    ;
; -1.899 ; 1.000        ; 2.899          ; Min Period       ; clk   ; Rise       ; inst22                    ;
; -1.899 ; 1.000        ; 2.899          ; Min Period       ; clk   ; Rise       ; inst28                    ;
; -0.062 ; 0.122        ; 0.184          ; Low Pulse Width  ; clk   ; Rise       ; inst10                    ;
; -0.062 ; 0.122        ; 0.184          ; Low Pulse Width  ; clk   ; Rise       ; inst16                    ;
; -0.062 ; 0.122        ; 0.184          ; Low Pulse Width  ; clk   ; Rise       ; inst22                    ;
; -0.062 ; 0.122        ; 0.184          ; Low Pulse Width  ; clk   ; Rise       ; inst28                    ;
; 0.118  ; 0.118        ; 0.000          ; Low Pulse Width  ; clk   ; Rise       ; inst10|clk                ;
; 0.118  ; 0.118        ; 0.000          ; Low Pulse Width  ; clk   ; Rise       ; inst16|clk                ;
; 0.118  ; 0.118        ; 0.000          ; Low Pulse Width  ; clk   ; Rise       ; inst22|clk                ;
; 0.118  ; 0.118        ; 0.000          ; Low Pulse Width  ; clk   ; Rise       ; inst28|clk                ;
; 0.120  ; 0.120        ; 0.000          ; Low Pulse Width  ; clk   ; Rise       ; clk~input|o               ;
; 0.133  ; 0.133        ; 0.000          ; Low Pulse Width  ; clk   ; Rise       ; clk~inputclkctrl|inclk[0] ;
; 0.133  ; 0.133        ; 0.000          ; Low Pulse Width  ; clk   ; Rise       ; clk~inputclkctrl|outclk   ;
; 0.500  ; 0.500        ; 0.000          ; High Pulse Width ; clk   ; Rise       ; clk~input|i               ;
; 0.500  ; 0.500        ; 0.000          ; Low Pulse Width  ; clk   ; Rise       ; clk~input|i               ;
; 0.659  ; 0.875        ; 0.216          ; High Pulse Width ; clk   ; Rise       ; inst10                    ;
; 0.659  ; 0.875        ; 0.216          ; High Pulse Width ; clk   ; Rise       ; inst16                    ;
; 0.659  ; 0.875        ; 0.216          ; High Pulse Width ; clk   ; Rise       ; inst22                    ;
; 0.659  ; 0.875        ; 0.216          ; High Pulse Width ; clk   ; Rise       ; inst28                    ;
; 0.866  ; 0.866        ; 0.000          ; High Pulse Width ; clk   ; Rise       ; clk~inputclkctrl|inclk[0] ;
; 0.866  ; 0.866        ; 0.000          ; High Pulse Width ; clk   ; Rise       ; clk~inputclkctrl|outclk   ;
; 0.880  ; 0.880        ; 0.000          ; High Pulse Width ; clk   ; Rise       ; clk~input|o               ;
; 0.881  ; 0.881        ; 0.000          ; High Pulse Width ; clk   ; Rise       ; inst10|clk                ;
; 0.881  ; 0.881        ; 0.000          ; High Pulse Width ; clk   ; Rise       ; inst16|clk                ;
; 0.881  ; 0.881        ; 0.000          ; High Pulse Width ; clk   ; Rise       ; inst22|clk                ;
; 0.881  ; 0.881        ; 0.000          ; High Pulse Width ; clk   ; Rise       ; inst28|clk                ;
+--------+--------------+----------------+------------------+-------+------------+---------------------------+


+-----------------------------------------------------------------------+
; Setup Times                                                           ;
+-----------+------------+-------+-------+------------+-----------------+
; Data Port ; Clock Port ; Rise  ; Fall  ; Clock Edge ; Clock Reference ;
+-----------+------------+-------+-------+------------+-----------------+
; Count     ; clk        ; 1.376 ; 2.033 ; Rise       ; clk             ;
; D0        ; clk        ; 1.062 ; 1.751 ; Rise       ; clk             ;
; D1        ; clk        ; 1.073 ; 1.753 ; Rise       ; clk             ;
; D2        ; clk        ; 1.026 ; 1.703 ; Rise       ; clk             ;
; D3        ; clk        ; 1.006 ; 1.685 ; Rise       ; clk             ;
; Load      ; clk        ; 0.958 ; 1.538 ; Rise       ; clk             ;
+-----------+------------+-------+-------+------------+-----------------+


+-------------------------------------------------------------------------+
; Hold Times                                                              ;
+-----------+------------+--------+--------+------------+-----------------+
; Data Port ; Clock Port ; Rise   ; Fall   ; Clock Edge ; Clock Reference ;
+-----------+------------+--------+--------+------------+-----------------+
; Count     ; clk        ; -0.667 ; -1.296 ; Rise       ; clk             ;
; D0        ; clk        ; -0.791 ; -1.461 ; Rise       ; clk             ;
; D1        ; clk        ; -0.825 ; -1.477 ; Rise       ; clk             ;
; D2        ; clk        ; -0.757 ; -1.415 ; Rise       ; clk             ;
; D3        ; clk        ; -0.766 ; -1.427 ; Rise       ; clk             ;
; Load      ; clk        ; -0.290 ; -0.877 ; Rise       ; clk             ;
+-----------+------------+--------+--------+------------+-----------------+


+-----------------------------------------------------------------------+
; Clock to Output Times                                                 ;
+-----------+------------+-------+-------+------------+-----------------+
; Data Port ; Clock Port ; Rise  ; Fall  ; Clock Edge ; Clock Reference ;
+-----------+------------+-------+-------+------------+-----------------+
; CO        ; clk        ; 5.562 ; 5.841 ; Rise       ; clk             ;
; Q0        ; clk        ; 6.797 ; 7.284 ; Rise       ; clk             ;
; Q1        ; clk        ; 6.694 ; 7.094 ; Rise       ; clk             ;
; Q2        ; clk        ; 6.296 ; 6.668 ; Rise       ; clk             ;
; Q3        ; clk        ; 4.861 ; 5.118 ; Rise       ; clk             ;
+-----------+------------+-------+-------+------------+-----------------+


+-----------------------------------------------------------------------+
; Minimum Clock to Output Times                                         ;
+-----------+------------+-------+-------+------------+-----------------+
; Data Port ; Clock Port ; Rise  ; Fall  ; Clock Edge ; Clock Reference ;
+-----------+------------+-------+-------+------------+-----------------+
; CO        ; clk        ; 5.031 ; 5.260 ; Rise       ; clk             ;
; Q0        ; clk        ; 6.553 ; 7.020 ; Rise       ; clk             ;
; Q1        ; clk        ; 6.490 ; 6.876 ; Rise       ; clk             ;
; Q2        ; clk        ; 6.070 ; 6.428 ; Rise       ; clk             ;
; Q3        ; clk        ; 4.693 ; 4.940 ; Rise       ; clk             ;
+-----------+------------+-------+-------+------------+-----------------+


+----------------------------------------------------------+
; Propagation Delay                                        ;
+------------+-------------+-------+-------+-------+-------+
; Input Port ; Output Port ; RR    ; RF    ; FR    ; FF    ;
+------------+-------------+-------+-------+-------+-------+
; Count      ; CO          ; 6.120 ;       ;       ; 6.993 ;
; Load       ; CO          ;       ; 5.918 ; 6.282 ;       ;
+------------+-------------+-------+-------+-------+-------+


+----------------------------------------------------------+
; Minimum Propagation Delay                                ;
+------------+-------------+-------+-------+-------+-------+
; Input Port ; Output Port ; RR    ; RF    ; FR    ; FF    ;
+------------+-------------+-------+-------+-------+-------+
; Count      ; CO          ; 5.898 ;       ;       ; 6.744 ;
; Load       ; CO          ;       ; 5.693 ; 6.068 ;       ;
+------------+-------------+-------+-------+-------+-------+


---------------------------------------------
; Fast 1200mV 0C Model Metastability Report ;
---------------------------------------------
No synchronizer chains to report.


+------------------------------------------------------------------------------+
; Multicorner Timing Analysis Summary                                          ;
+------------------+--------+-------+----------+---------+---------------------+
; Clock            ; Setup  ; Hold  ; Recovery ; Removal ; Minimum Pulse Width ;
+------------------+--------+-------+----------+---------+---------------------+
; Worst-case Slack ; -0.823 ; 0.162 ; N/A      ; N/A     ; -3.000              ;
;  clk             ; -0.823 ; 0.162 ; N/A      ; N/A     ; -3.000              ;
; Design-wide TNS  ; -1.707 ; 0.0   ; 0.0      ; 0.0     ; -10.844             ;
;  clk             ; -1.707 ; 0.000 ; N/A      ; N/A     ; -10.844             ;
+------------------+--------+-------+----------+---------+---------------------+


+-----------------------------------------------------------------------+
; Setup Times                                                           ;
+-----------+------------+-------+-------+------------+-----------------+
; Data Port ; Clock Port ; Rise  ; Fall  ; Clock Edge ; Clock Reference ;
+-----------+------------+-------+-------+------------+-----------------+
; Count     ; clk        ; 2.922 ; 3.329 ; Rise       ; clk             ;
; D0        ; clk        ; 2.312 ; 2.768 ; Rise       ; clk             ;
; D1        ; clk        ; 2.299 ; 2.732 ; Rise       ; clk             ;
; D2        ; clk        ; 2.236 ; 2.676 ; Rise       ; clk             ;
; D3        ; clk        ; 2.196 ; 2.623 ; Rise       ; clk             ;
; Load      ; clk        ; 2.096 ; 2.457 ; Rise       ; clk             ;
+-----------+------------+-------+-------+------------+-----------------+


+-------------------------------------------------------------------------+
; Hold Times                                                              ;
+-----------+------------+--------+--------+------------+-----------------+
; Data Port ; Clock Port ; Rise   ; Fall   ; Clock Edge ; Clock Reference ;
+-----------+------------+--------+--------+------------+-----------------+
; Count     ; clk        ; -0.667 ; -1.296 ; Rise       ; clk             ;
; D0        ; clk        ; -0.791 ; -1.461 ; Rise       ; clk             ;
; D1        ; clk        ; -0.825 ; -1.477 ; Rise       ; clk             ;
; D2        ; clk        ; -0.757 ; -1.415 ; Rise       ; clk             ;
; D3        ; clk        ; -0.766 ; -1.427 ; Rise       ; clk             ;
; Load      ; clk        ; -0.290 ; -0.862 ; Rise       ; clk             ;
+-----------+------------+--------+--------+------------+-----------------+


+-------------------------------------------------------------------------+
; Clock to Output Times                                                   ;
+-----------+------------+--------+--------+------------+-----------------+
; Data Port ; Clock Port ; Rise   ; Fall   ; Clock Edge ; Clock Reference ;
+-----------+------------+--------+--------+------------+-----------------+
; CO        ; clk        ; 10.738 ; 10.711 ; Rise       ; clk             ;
; Q0        ; clk        ; 13.163 ; 13.178 ; Rise       ; clk             ;
; Q1        ; clk        ; 12.445 ; 12.521 ; Rise       ; clk             ;
; Q2        ; clk        ; 12.293 ; 12.093 ; Rise       ; clk             ;
; Q3        ; clk        ; 9.275  ; 9.351  ; Rise       ; clk             ;
+-----------+------------+--------+--------+------------+-----------------+


+-----------------------------------------------------------------------+
; Minimum Clock to Output Times                                         ;
+-----------+------------+-------+-------+------------+-----------------+
; Data Port ; Clock Port ; Rise  ; Fall  ; Clock Edge ; Clock Reference ;
+-----------+------------+-------+-------+------------+-----------------+
; CO        ; clk        ; 5.031 ; 5.260 ; Rise       ; clk             ;
; Q0        ; clk        ; 6.553 ; 7.020 ; Rise       ; clk             ;
; Q1        ; clk        ; 6.490 ; 6.876 ; Rise       ; clk             ;
; Q2        ; clk        ; 6.070 ; 6.428 ; Rise       ; clk             ;
; Q3        ; clk        ; 4.693 ; 4.940 ; Rise       ; clk             ;
+-----------+------------+-------+-------+------------+-----------------+


+--------------------------------------------------------------+
; Progagation Delay                                            ;
+------------+-------------+--------+--------+--------+--------+
; Input Port ; Output Port ; RR     ; RF     ; FR     ; FF     ;
+------------+-------------+--------+--------+--------+--------+
; Count      ; CO          ; 11.925 ;        ;        ; 12.205 ;
; Load       ; CO          ;        ; 10.972 ; 11.460 ;        ;
+------------+-------------+--------+--------+--------+--------+


+----------------------------------------------------------+
; Minimum Progagation Delay                                ;
+------------+-------------+-------+-------+-------+-------+
; Input Port ; Output Port ; RR    ; RF    ; FR    ; FF    ;
+------------+-------------+-------+-------+-------+-------+
; Count      ; CO          ; 5.898 ;       ;       ; 6.744 ;
; Load       ; CO          ;       ; 5.693 ; 6.068 ;       ;
+------------+-------------+-------+-------+-------+-------+


+------------------------------------------------------------------------------------------------------------------------------------------------------------------------------------------------------------------------------------------------------------------------------------------------------------------------------------------------------------------+
; Board Trace Model Assignments                                                                                                                                                                                                                                                                                                                                    ;
+---------------+--------------+-------------------+-------------------------+-------------------------+---------------+---------------------+----------------+------------------+--------+------------------+------------------------+------------------------+--------------+---------------+-----------------+-------+---------------------+--------------------+
; Pin           ; I/O Standard ; Near Tline Length ; Near Tline L per Length ; Near Tline C per Length ; Near Series R ; Near Differential R ; Near Pull-up R ; Near Pull-down R ; Near C ; Far Tline Length ; Far Tline L per Length ; Far Tline C per Length ; Far Series R ; Far Pull-up R ; Far Pull-down R ; Far C ; Termination Voltage ; Far Differential R ;
+---------------+--------------+-------------------+-------------------------+-------------------------+---------------+---------------------+----------------+------------------+--------+------------------+------------------------+------------------------+--------------+---------------+-----------------+-------+---------------------+--------------------+
; Q0            ; 2.5 V        ; 0 in              ; 0 H/in                  ; 0 F/in                  ; short         ; -                   ; open           ; open             ; open   ; 0 in             ; 0 H/in                 ; 0 F/in                 ; short        ; open          ; open            ; open  ; 0 V                 ; -                  ;
; Q1            ; 2.5 V        ; 0 in              ; 0 H/in                  ; 0 F/in                  ; short         ; -                   ; open           ; open             ; open   ; 0 in             ; 0 H/in                 ; 0 F/in                 ; short        ; open          ; open            ; open  ; 0 V                 ; -                  ;
; Q2            ; 2.5 V        ; 0 in              ; 0 H/in                  ; 0 F/in                  ; short         ; -                   ; open           ; open             ; open   ; 0 in             ; 0 H/in                 ; 0 F/in                 ; short        ; open          ; open            ; open  ; 0 V                 ; -                  ;
; Q3            ; 2.5 V        ; 0 in              ; 0 H/in                  ; 0 F/in                  ; short         ; -                   ; open           ; open             ; open   ; 0 in             ; 0 H/in                 ; 0 F/in                 ; short        ; open          ; open            ; open  ; 0 V                 ; -                  ;
; CO            ; 2.5 V        ; 0 in              ; 0 H/in                  ; 0 F/in                  ; short         ; -                   ; open           ; open             ; open   ; 0 in             ; 0 H/in                 ; 0 F/in                 ; short        ; open          ; open            ; open  ; 0 V                 ; -                  ;
; ~ALTERA_DCLK~ ; 2.5 V        ; 0 in              ; 0 H/in                  ; 0 F/in                  ; short         ; -                   ; open           ; open             ; open   ; 0 in             ; 0 H/in                 ; 0 F/in                 ; short        ; open          ; open            ; open  ; 0 V                 ; -                  ;
; ~ALTERA_nCEO~ ; 2.5 V        ; 0 in              ; 0 H/in                  ; 0 F/in                  ; short         ; -                   ; open           ; open             ; open   ; 0 in             ; 0 H/in                 ; 0 F/in                 ; short        ; open          ; open            ; open  ; 0 V                 ; -                  ;
+---------------+--------------+-------------------+-------------------------+-------------------------+---------------+---------------------+----------------+------------------+--------+------------------+------------------------+------------------------+--------------+---------------+-----------------+-------+---------------------+--------------------+


+----------------------------------------------------------------------------+
; Input Transition Times                                                     ;
+-------------------------+--------------+-----------------+-----------------+
; Pin                     ; I/O Standard ; 10-90 Rise Time ; 90-10 Fall Time ;
+-------------------------+--------------+-----------------+-----------------+
; Count                   ; 2.5 V        ; 2000 ps         ; 2000 ps         ;
; Load                    ; 2.5 V        ; 2000 ps         ; 2000 ps         ;
; D0                      ; 2.5 V        ; 2000 ps         ; 2000 ps         ;
; clk                     ; 2.5 V        ; 2000 ps         ; 2000 ps         ;
; clean                   ; 2.5 V        ; 2000 ps         ; 2000 ps         ;
; D1                      ; 2.5 V        ; 2000 ps         ; 2000 ps         ;
; D2                      ; 2.5 V        ; 2000 ps         ; 2000 ps         ;
; D3                      ; 2.5 V        ; 2000 ps         ; 2000 ps         ;
; ~ALTERA_ASDO_DATA1~     ; 2.5 V        ; 2000 ps         ; 2000 ps         ;
; ~ALTERA_FLASH_nCE_nCSO~ ; 2.5 V        ; 2000 ps         ; 2000 ps         ;
; ~ALTERA_DATA0~          ; 2.5 V        ; 2000 ps         ; 2000 ps         ;
+-------------------------+--------------+-----------------+-----------------+


+--------------------------------------------------------------------------------------------------------------------------------------------------------------------------------------------------------------------------------------------------------------------------------------------------------------------------------------------------------------------------------------------------------------------------------------------------------------------------------------------------------------------------------------------------------------------------------------------------------------------------------------------------------------------------------------------+
; Signal Integrity Metrics (Slow 1200mv 0c Model)                                                                                                                                                                                                                                                                                                                                                                                                                                                                                                                                                                                                                                            ;
+---------------+--------------+---------------------+---------------------+------------------------------+------------------------------+---------------------+---------------------+--------------------------------------+--------------------------------------+-----------------------------+-----------------------------+----------------------------+----------------------------+-----------------------------+-----------------------------+--------------------+--------------------+-------------------------------------+-------------------------------------+----------------------------+----------------------------+---------------------------+---------------------------+
; Pin           ; I/O Standard ; Board Delay on Rise ; Board Delay on Fall ; Steady State Voh at FPGA Pin ; Steady State Vol at FPGA Pin ; Voh Max at FPGA Pin ; Vol Min at FPGA Pin ; Ringback Voltage on Rise at FPGA Pin ; Ringback Voltage on Fall at FPGA Pin ; 10-90 Rise Time at FPGA Pin ; 90-10 Fall Time at FPGA Pin ; Monotonic Rise at FPGA Pin ; Monotonic Fall at FPGA Pin ; Steady State Voh at Far-end ; Steady State Vol at Far-end ; Voh Max at Far-end ; Vol Min at Far-end ; Ringback Voltage on Rise at Far-end ; Ringback Voltage on Fall at Far-end ; 10-90 Rise Time at Far-end ; 90-10 Fall Time at Far-end ; Monotonic Rise at Far-end ; Monotonic Fall at Far-end ;
+---------------+--------------+---------------------+---------------------+------------------------------+------------------------------+---------------------+---------------------+--------------------------------------+--------------------------------------+-----------------------------+-----------------------------+----------------------------+----------------------------+-----------------------------+-----------------------------+--------------------+--------------------+-------------------------------------+-------------------------------------+----------------------------+----------------------------+---------------------------+---------------------------+
; Q0            ; 2.5 V        ; 0 s                 ; 0 s                 ; 2.32 V                       ; 4.49e-09 V                   ; 2.38 V              ; -0.00552 V          ; 0.096 V                              ; 0.019 V                              ; 4.18e-10 s                  ; 3.59e-10 s                  ; No                         ; Yes                        ; 2.32 V                      ; 4.49e-09 V                  ; 2.38 V             ; -0.00552 V         ; 0.096 V                             ; 0.019 V                             ; 4.18e-10 s                 ; 3.59e-10 s                 ; No                        ; Yes                       ;
; Q1            ; 2.5 V        ; 0 s                 ; 0 s                 ; 2.32 V                       ; 4.49e-09 V                   ; 2.33 V              ; -0.00467 V          ; 0.226 V                              ; 0.087 V                              ; 2.91e-09 s                  ; 2.74e-09 s                  ; Yes                        ; Yes                        ; 2.32 V                      ; 4.49e-09 V                  ; 2.33 V             ; -0.00467 V         ; 0.226 V                             ; 0.087 V                             ; 2.91e-09 s                 ; 2.74e-09 s                 ; Yes                       ; Yes                       ;
; Q2            ; 2.5 V        ; 0 s                 ; 0 s                 ; 2.32 V                       ; 4.49e-09 V                   ; 2.38 V              ; -0.00552 V          ; 0.096 V                              ; 0.019 V                              ; 4.18e-10 s                  ; 3.59e-10 s                  ; No                         ; Yes                        ; 2.32 V                      ; 4.49e-09 V                  ; 2.38 V             ; -0.00552 V         ; 0.096 V                             ; 0.019 V                             ; 4.18e-10 s                 ; 3.59e-10 s                 ; No                        ; Yes                       ;
; Q3            ; 2.5 V        ; 0 s                 ; 0 s                 ; 2.32 V                       ; 4.49e-09 V                   ; 2.38 V              ; -0.00552 V          ; 0.096 V                              ; 0.019 V                              ; 4.18e-10 s                  ; 3.59e-10 s                  ; No                         ; Yes                        ; 2.32 V                      ; 4.49e-09 V                  ; 2.38 V             ; -0.00552 V         ; 0.096 V                             ; 0.019 V                             ; 4.18e-10 s                 ; 3.59e-10 s                 ; No                        ; Yes                       ;
; CO            ; 2.5 V        ; 0 s                 ; 0 s                 ; 2.32 V                       ; 4.49e-09 V                   ; 2.38 V              ; -0.00552 V          ; 0.096 V                              ; 0.019 V                              ; 4.18e-10 s                  ; 3.59e-10 s                  ; No                         ; Yes                        ; 2.32 V                      ; 4.49e-09 V                  ; 2.38 V             ; -0.00552 V         ; 0.096 V                             ; 0.019 V                             ; 4.18e-10 s                 ; 3.59e-10 s                 ; No                        ; Yes                       ;
; ~ALTERA_DCLK~ ; 2.5 V        ; 0 s                 ; 0 s                 ; 2.32 V                       ; 2.67e-09 V                   ; 2.38 V              ; -0.0485 V           ; 0.167 V                              ; 0.096 V                              ; 2.95e-10 s                  ; 2.73e-10 s                  ; Yes                        ; Yes                        ; 2.32 V                      ; 2.67e-09 V                  ; 2.38 V             ; -0.0485 V          ; 0.167 V                             ; 0.096 V                             ; 2.95e-10 s                 ; 2.73e-10 s                 ; Yes                       ; Yes                       ;
; ~ALTERA_nCEO~ ; 2.5 V        ; 0 s                 ; 0 s                 ; 2.32 V                       ; 4.18e-09 V                   ; 2.38 V              ; -0.00483 V          ; 0.152 V                              ; 0.012 V                              ; 4.81e-10 s                  ; 6.29e-10 s                  ; Yes                        ; Yes                        ; 2.32 V                      ; 4.18e-09 V                  ; 2.38 V             ; -0.00483 V         ; 0.152 V                             ; 0.012 V                             ; 4.81e-10 s                 ; 6.29e-10 s                 ; Yes                       ; Yes                       ;
+---------------+--------------+---------------------+---------------------+------------------------------+------------------------------+---------------------+---------------------+--------------------------------------+--------------------------------------+-----------------------------+-----------------------------+----------------------------+----------------------------+-----------------------------+-----------------------------+--------------------+--------------------+-------------------------------------+-------------------------------------+----------------------------+----------------------------+---------------------------+---------------------------+


+--------------------------------------------------------------------------------------------------------------------------------------------------------------------------------------------------------------------------------------------------------------------------------------------------------------------------------------------------------------------------------------------------------------------------------------------------------------------------------------------------------------------------------------------------------------------------------------------------------------------------------------------------------------------------------------------+
; Signal Integrity Metrics (Slow 1200mv 85c Model)                                                                                                                                                                                                                                                                                                                                                                                                                                                                                                                                                                                                                                           ;
+---------------+--------------+---------------------+---------------------+------------------------------+------------------------------+---------------------+---------------------+--------------------------------------+--------------------------------------+-----------------------------+-----------------------------+----------------------------+----------------------------+-----------------------------+-----------------------------+--------------------+--------------------+-------------------------------------+-------------------------------------+----------------------------+----------------------------+---------------------------+---------------------------+
; Pin           ; I/O Standard ; Board Delay on Rise ; Board Delay on Fall ; Steady State Voh at FPGA Pin ; Steady State Vol at FPGA Pin ; Voh Max at FPGA Pin ; Vol Min at FPGA Pin ; Ringback Voltage on Rise at FPGA Pin ; Ringback Voltage on Fall at FPGA Pin ; 10-90 Rise Time at FPGA Pin ; 90-10 Fall Time at FPGA Pin ; Monotonic Rise at FPGA Pin ; Monotonic Fall at FPGA Pin ; Steady State Voh at Far-end ; Steady State Vol at Far-end ; Voh Max at Far-end ; Vol Min at Far-end ; Ringback Voltage on Rise at Far-end ; Ringback Voltage on Fall at Far-end ; 10-90 Rise Time at Far-end ; 90-10 Fall Time at Far-end ; Monotonic Rise at Far-end ; Monotonic Fall at Far-end ;
+---------------+--------------+---------------------+---------------------+------------------------------+------------------------------+---------------------+---------------------+--------------------------------------+--------------------------------------+-----------------------------+-----------------------------+----------------------------+----------------------------+-----------------------------+-----------------------------+--------------------+--------------------+-------------------------------------+-------------------------------------+----------------------------+----------------------------+---------------------------+---------------------------+
; Q0            ; 2.5 V        ; 0 s                 ; 0 s                 ; 2.32 V                       ; 6.92e-07 V                   ; 2.35 V              ; -0.00996 V          ; 0.121 V                              ; 0.03 V                               ; 4.64e-10 s                  ; 4.47e-10 s                  ; Yes                        ; Yes                        ; 2.32 V                      ; 6.92e-07 V                  ; 2.35 V             ; -0.00996 V         ; 0.121 V                             ; 0.03 V                              ; 4.64e-10 s                 ; 4.47e-10 s                 ; Yes                       ; Yes                       ;
; Q1            ; 2.5 V        ; 0 s                 ; 0 s                 ; 2.32 V                       ; 6.92e-07 V                   ; 2.33 V              ; -0.00265 V          ; 0.133 V                              ; 0.056 V                              ; 3.55e-09 s                  ; 3.31e-09 s                  ; Yes                        ; Yes                        ; 2.32 V                      ; 6.92e-07 V                  ; 2.33 V             ; -0.00265 V         ; 0.133 V                             ; 0.056 V                             ; 3.55e-09 s                 ; 3.31e-09 s                 ; Yes                       ; Yes                       ;
; Q2            ; 2.5 V        ; 0 s                 ; 0 s                 ; 2.32 V                       ; 6.92e-07 V                   ; 2.35 V              ; -0.00996 V          ; 0.121 V                              ; 0.03 V                               ; 4.64e-10 s                  ; 4.47e-10 s                  ; Yes                        ; Yes                        ; 2.32 V                      ; 6.92e-07 V                  ; 2.35 V             ; -0.00996 V         ; 0.121 V                             ; 0.03 V                              ; 4.64e-10 s                 ; 4.47e-10 s                 ; Yes                       ; Yes                       ;
; Q3            ; 2.5 V        ; 0 s                 ; 0 s                 ; 2.32 V                       ; 6.92e-07 V                   ; 2.35 V              ; -0.00996 V          ; 0.121 V                              ; 0.03 V                               ; 4.64e-10 s                  ; 4.47e-10 s                  ; Yes                        ; Yes                        ; 2.32 V                      ; 6.92e-07 V                  ; 2.35 V             ; -0.00996 V         ; 0.121 V                             ; 0.03 V                              ; 4.64e-10 s                 ; 4.47e-10 s                 ; Yes                       ; Yes                       ;
; CO            ; 2.5 V        ; 0 s                 ; 0 s                 ; 2.32 V                       ; 6.92e-07 V                   ; 2.35 V              ; -0.00996 V          ; 0.121 V                              ; 0.03 V                               ; 4.64e-10 s                  ; 4.47e-10 s                  ; Yes                        ; Yes                        ; 2.32 V                      ; 6.92e-07 V                  ; 2.35 V             ; -0.00996 V         ; 0.121 V                             ; 0.03 V                              ; 4.64e-10 s                 ; 4.47e-10 s                 ; Yes                       ; Yes                       ;
; ~ALTERA_DCLK~ ; 2.5 V        ; 0 s                 ; 0 s                 ; 2.32 V                       ; 3.75e-07 V                   ; 2.35 V              ; -0.0109 V           ; 0.084 V                              ; 0.027 V                              ; 4.31e-10 s                  ; 3.61e-10 s                  ; Yes                        ; Yes                        ; 2.32 V                      ; 3.75e-07 V                  ; 2.35 V             ; -0.0109 V          ; 0.084 V                             ; 0.027 V                             ; 4.31e-10 s                 ; 3.61e-10 s                 ; Yes                       ; Yes                       ;
; ~ALTERA_nCEO~ ; 2.5 V        ; 0 s                 ; 0 s                 ; 2.32 V                       ; 6.15e-07 V                   ; 2.35 V              ; -0.00712 V          ; 0.093 V                              ; 0.02 V                               ; 6.21e-10 s                  ; 7.9e-10 s                   ; Yes                        ; Yes                        ; 2.32 V                      ; 6.15e-07 V                  ; 2.35 V             ; -0.00712 V         ; 0.093 V                             ; 0.02 V                              ; 6.21e-10 s                 ; 7.9e-10 s                  ; Yes                       ; Yes                       ;
+---------------+--------------+---------------------+---------------------+------------------------------+------------------------------+---------------------+---------------------+--------------------------------------+--------------------------------------+-----------------------------+-----------------------------+----------------------------+----------------------------+-----------------------------+-----------------------------+--------------------+--------------------+-------------------------------------+-------------------------------------+----------------------------+----------------------------+---------------------------+---------------------------+


+--------------------------------------------------------------------------------------------------------------------------------------------------------------------------------------------------------------------------------------------------------------------------------------------------------------------------------------------------------------------------------------------------------------------------------------------------------------------------------------------------------------------------------------------------------------------------------------------------------------------------------------------------------------------------------------------+
; Signal Integrity Metrics (Fast 1200mv 0c Model)                                                                                                                                                                                                                                                                                                                                                                                                                                                                                                                                                                                                                                            ;
+---------------+--------------+---------------------+---------------------+------------------------------+------------------------------+---------------------+---------------------+--------------------------------------+--------------------------------------+-----------------------------+-----------------------------+----------------------------+----------------------------+-----------------------------+-----------------------------+--------------------+--------------------+-------------------------------------+-------------------------------------+----------------------------+----------------------------+---------------------------+---------------------------+
; Pin           ; I/O Standard ; Board Delay on Rise ; Board Delay on Fall ; Steady State Voh at FPGA Pin ; Steady State Vol at FPGA Pin ; Voh Max at FPGA Pin ; Vol Min at FPGA Pin ; Ringback Voltage on Rise at FPGA Pin ; Ringback Voltage on Fall at FPGA Pin ; 10-90 Rise Time at FPGA Pin ; 90-10 Fall Time at FPGA Pin ; Monotonic Rise at FPGA Pin ; Monotonic Fall at FPGA Pin ; Steady State Voh at Far-end ; Steady State Vol at Far-end ; Voh Max at Far-end ; Vol Min at Far-end ; Ringback Voltage on Rise at Far-end ; Ringback Voltage on Fall at Far-end ; 10-90 Rise Time at Far-end ; 90-10 Fall Time at Far-end ; Monotonic Rise at Far-end ; Monotonic Fall at Far-end ;
+---------------+--------------+---------------------+---------------------+------------------------------+------------------------------+---------------------+---------------------+--------------------------------------+--------------------------------------+-----------------------------+-----------------------------+----------------------------+----------------------------+-----------------------------+-----------------------------+--------------------+--------------------+-------------------------------------+-------------------------------------+----------------------------+----------------------------+---------------------------+---------------------------+
; Q0            ; 2.5 V        ; 0 s                 ; 0 s                 ; 2.62 V                       ; 4.05e-08 V                   ; 2.72 V              ; -0.0349 V           ; 0.173 V                              ; 0.1 V                                ; 2.72e-10 s                  ; 2.69e-10 s                  ; Yes                        ; Yes                        ; 2.62 V                      ; 4.05e-08 V                  ; 2.72 V             ; -0.0349 V          ; 0.173 V                             ; 0.1 V                               ; 2.72e-10 s                 ; 2.69e-10 s                 ; Yes                       ; Yes                       ;
; Q1            ; 2.5 V        ; 0 s                 ; 0 s                 ; 2.62 V                       ; 4.05e-08 V                   ; 2.64 V              ; -0.0113 V           ; 0.208 V                              ; 0.179 V                              ; 2.38e-09 s                  ; 2.23e-09 s                  ; No                         ; Yes                        ; 2.62 V                      ; 4.05e-08 V                  ; 2.64 V             ; -0.0113 V          ; 0.208 V                             ; 0.179 V                             ; 2.38e-09 s                 ; 2.23e-09 s                 ; No                        ; Yes                       ;
; Q2            ; 2.5 V        ; 0 s                 ; 0 s                 ; 2.62 V                       ; 4.05e-08 V                   ; 2.72 V              ; -0.0349 V           ; 0.173 V                              ; 0.1 V                                ; 2.72e-10 s                  ; 2.69e-10 s                  ; Yes                        ; Yes                        ; 2.62 V                      ; 4.05e-08 V                  ; 2.72 V             ; -0.0349 V          ; 0.173 V                             ; 0.1 V                               ; 2.72e-10 s                 ; 2.69e-10 s                 ; Yes                       ; Yes                       ;
; Q3            ; 2.5 V        ; 0 s                 ; 0 s                 ; 2.62 V                       ; 4.05e-08 V                   ; 2.72 V              ; -0.0349 V           ; 0.173 V                              ; 0.1 V                                ; 2.72e-10 s                  ; 2.69e-10 s                  ; Yes                        ; Yes                        ; 2.62 V                      ; 4.05e-08 V                  ; 2.72 V             ; -0.0349 V          ; 0.173 V                             ; 0.1 V                               ; 2.72e-10 s                 ; 2.69e-10 s                 ; Yes                       ; Yes                       ;
; CO            ; 2.5 V        ; 0 s                 ; 0 s                 ; 2.62 V                       ; 4.05e-08 V                   ; 2.72 V              ; -0.0349 V           ; 0.173 V                              ; 0.1 V                                ; 2.72e-10 s                  ; 2.69e-10 s                  ; Yes                        ; Yes                        ; 2.62 V                      ; 4.05e-08 V                  ; 2.72 V             ; -0.0349 V          ; 0.173 V                             ; 0.1 V                               ; 2.72e-10 s                 ; 2.69e-10 s                 ; Yes                       ; Yes                       ;
; ~ALTERA_DCLK~ ; 2.5 V        ; 0 s                 ; 0 s                 ; 2.62 V                       ; 2.22e-08 V                   ; 2.74 V              ; -0.06 V             ; 0.158 V                              ; 0.08 V                               ; 2.68e-10 s                  ; 2.19e-10 s                  ; Yes                        ; Yes                        ; 2.62 V                      ; 2.22e-08 V                  ; 2.74 V             ; -0.06 V            ; 0.158 V                             ; 0.08 V                              ; 2.68e-10 s                 ; 2.19e-10 s                 ; Yes                       ; Yes                       ;
; ~ALTERA_nCEO~ ; 2.5 V        ; 0 s                 ; 0 s                 ; 2.62 V                       ; 3.54e-08 V                   ; 2.7 V               ; -0.00943 V          ; 0.276 V                              ; 0.035 V                              ; 3.19e-10 s                  ; 4.99e-10 s                  ; No                         ; Yes                        ; 2.62 V                      ; 3.54e-08 V                  ; 2.7 V              ; -0.00943 V         ; 0.276 V                             ; 0.035 V                             ; 3.19e-10 s                 ; 4.99e-10 s                 ; No                        ; Yes                       ;
+---------------+--------------+---------------------+---------------------+------------------------------+------------------------------+---------------------+---------------------+--------------------------------------+--------------------------------------+-----------------------------+-----------------------------+----------------------------+----------------------------+-----------------------------+-----------------------------+--------------------+--------------------+-------------------------------------+-------------------------------------+----------------------------+----------------------------+---------------------------+---------------------------+


+-------------------------------------------------------------------+
; Setup Transfers                                                   ;
+------------+----------+----------+----------+----------+----------+
; From Clock ; To Clock ; RR Paths ; FR Paths ; RF Paths ; FF Paths ;
+------------+----------+----------+----------+----------+----------+
; clk        ; clk      ; 10       ; 0        ; 0        ; 0        ;
+------------+----------+----------+----------+----------+----------+
Entries labeled "false path" only account for clock-to-clock false paths and not path-based false paths. As a result, actual path counts may be lower than reported.


+-------------------------------------------------------------------+
; Hold Transfers                                                    ;
+------------+----------+----------+----------+----------+----------+
; From Clock ; To Clock ; RR Paths ; FR Paths ; RF Paths ; FF Paths ;
+------------+----------+----------+----------+----------+----------+
; clk        ; clk      ; 10       ; 0        ; 0        ; 0        ;
+------------+----------+----------+----------+----------+----------+
Entries labeled "false path" only account for clock-to-clock false paths and not path-based false paths. As a result, actual path counts may be lower than reported.


---------------
; Report TCCS ;
---------------
No dedicated SERDES Transmitter circuitry present in device or used in design


---------------
; Report RSKM ;
---------------
No dedicated SERDES Receiver circuitry present in device or used in design


+------------------------------------------------+
; Unconstrained Paths                            ;
+---------------------------------+-------+------+
; Property                        ; Setup ; Hold ;
+---------------------------------+-------+------+
; Illegal Clocks                  ; 0     ; 0    ;
; Unconstrained Clocks            ; 0     ; 0    ;
; Registers Without Clock Pin     ; 0     ; 0    ;
; Unconstrained Input Ports       ; 7     ; 7    ;
; Unconstrained Input Port Paths  ; 18    ; 18   ;
; Unconstrained Output Ports      ; 5     ; 5    ;
; Unconstrained Output Port Paths ; 10    ; 10   ;
; Unconstrained Reg-to-Reg Paths  ; 0     ; 0    ;
+---------------------------------+-------+------+


+------------------------------------+
; TimeQuest Timing Analyzer Messages ;
+------------------------------------+
Info: *******************************************************************
Info: Running Quartus II TimeQuest Timing Analyzer
    Info: Version 10.0 Build 218 06/27/2010 SJ Web Edition
    Info: Processing started: Fri Oct 25 17:01:41 2019
Info: Command: quartus_sta Lab04 -c Lab04
Info: qsta_default_script.tcl version: #1
Info: Core supply voltage is 1.2V
Info: Low junction temperature is 0 degrees C
Info: High junction temperature is 85 degrees C
Critical Warning: Synopsys Design Constraints File file not found: 'Lab04.sdc'. A Synopsys Design Constraints File is required by the TimeQuest Timing Analyzer to get proper timing constraints. Without it, the Compiler will not properly optimize the design.
Info: No user constrained base clocks found in the design. Calling "derive_clocks -period 1.0"
Info: Deriving Clocks
    Info: create_clock -period 1.000 -name clk clk
Info: No user constrained clock uncertainty found in the design. Calling "derive_clock_uncertainty"
Info: Deriving Clock Uncertainty
    Info: set_clock_uncertainty -rise_from [get_clocks {clk}] -rise_to [get_clocks {clk}] -setup 0.020
    Info: set_clock_uncertainty -rise_from [get_clocks {clk}] -fall_to [get_clocks {clk}] -setup 0.020
    Info: set_clock_uncertainty -fall_from [get_clocks {clk}] -rise_to [get_clocks {clk}] -setup 0.020
    Info: set_clock_uncertainty -fall_from [get_clocks {clk}] -fall_to [get_clocks {clk}] -setup 0.020
    Info: set_clock_uncertainty -rise_from [get_clocks {clk}] -rise_to [get_clocks {clk}] -hold 0.020
    Info: set_clock_uncertainty -rise_from [get_clocks {clk}] -fall_to [get_clocks {clk}] -hold 0.020
    Info: set_clock_uncertainty -fall_from [get_clocks {clk}] -rise_to [get_clocks {clk}] -hold 0.020
    Info: set_clock_uncertainty -fall_from [get_clocks {clk}] -fall_to [get_clocks {clk}] -hold 0.020
Info: Analyzing Slow 1200mV 85C Model
Critical Warning: Timing requirements not met
Info: Worst-case setup slack is -0.823
    Info:     Slack End Point TNS Clock 
    Info: ========= ============= =====================
    Info:    -0.823        -1.707 clk 
Info: Worst-case hold slack is 0.382
    Info:     Slack End Point TNS Clock 
    Info: ========= ============= =====================
    Info:     0.382         0.000 clk 
Info: No Recovery paths to report
Info: No Removal paths to report
Info: Worst-case minimum pulse width slack is -3.000
    Info:     Slack End Point TNS Clock 
    Info: ========= ============= =====================
    Info:    -3.000        -8.140 clk 
Info: Analyzing Slow 1200mV 0C Model
Info: Started post-fitting delay annotation
Info: Delay annotation completed successfully
Info: Deriving Clock Uncertainty
    Info: set_clock_uncertainty -rise_from [get_clocks {clk}] -rise_to [get_clocks {clk}] -setup 0.020
    Info: set_clock_uncertainty -rise_from [get_clocks {clk}] -fall_to [get_clocks {clk}] -setup 0.020
    Info: set_clock_uncertainty -fall_from [get_clocks {clk}] -rise_to [get_clocks {clk}] -setup 0.020
    Info: set_clock_uncertainty -fall_from [get_clocks {clk}] -fall_to [get_clocks {clk}] -setup 0.020
    Info: set_clock_uncertainty -rise_from [get_clocks {clk}] -rise_to [get_clocks {clk}] -hold 0.020
    Info: set_clock_uncertainty -rise_from [get_clocks {clk}] -fall_to [get_clocks {clk}] -hold 0.020
    Info: set_clock_uncertainty -fall_from [get_clocks {clk}] -rise_to [get_clocks {clk}] -hold 0.020
    Info: set_clock_uncertainty -fall_from [get_clocks {clk}] -fall_to [get_clocks {clk}] -hold 0.020
Critical Warning: Timing requirements not met
Info: Worst-case setup slack is -0.657
    Info:     Slack End Point TNS Clock 
    Info: ========= ============= =====================
    Info:    -0.657        -1.260 clk 
Info: Worst-case hold slack is 0.334
    Info:     Slack End Point TNS Clock 
    Info: ========= ============= =====================
    Info:     0.334         0.000 clk 
Info: No Recovery paths to report
Info: No Removal paths to report
Info: Worst-case minimum pulse width slack is -3.000
    Info:     Slack End Point TNS Clock 
    Info: ========= ============= =====================
    Info:    -3.000        -8.140 clk 
Info: Analyzing Fast 1200mV 0C Model
Info: Started post-fitting delay annotation
Info: Delay annotation completed successfully
Info: Deriving Clock Uncertainty
    Info: set_clock_uncertainty -rise_from [get_clocks {clk}] -rise_to [get_clocks {clk}] -setup 0.020
    Info: set_clock_uncertainty -rise_from [get_clocks {clk}] -fall_to [get_clocks {clk}] -setup 0.020
    Info: set_clock_uncertainty -fall_from [get_clocks {clk}] -rise_to [get_clocks {clk}] -setup 0.020
    Info: set_clock_uncertainty -fall_from [get_clocks {clk}] -fall_to [get_clocks {clk}] -setup 0.020
    Info: set_clock_uncertainty -rise_from [get_clocks {clk}] -rise_to [get_clocks {clk}] -hold 0.020
    Info: set_clock_uncertainty -rise_from [get_clocks {clk}] -fall_to [get_clocks {clk}] -hold 0.020
    Info: set_clock_uncertainty -fall_from [get_clocks {clk}] -rise_to [get_clocks {clk}] -hold 0.020
    Info: set_clock_uncertainty -fall_from [get_clocks {clk}] -fall_to [get_clocks {clk}] -hold 0.020
Info: Worst-case setup slack is 0.119
    Info:     Slack End Point TNS Clock 
    Info: ========= ============= =====================
    Info:     0.119         0.000 clk 
Info: Worst-case hold slack is 0.162
    Info:     Slack End Point TNS Clock 
    Info: ========= ============= =====================
    Info:     0.162         0.000 clk 
Info: No Recovery paths to report
Info: No Removal paths to report
Critical Warning: Timing requirements not met
Info: Worst-case minimum pulse width slack is -3.000
    Info:     Slack End Point TNS Clock 
    Info: ========= ============= =====================
    Info:    -3.000       -10.844 clk 
Info: Design is not fully constrained for setup requirements
Info: Design is not fully constrained for hold requirements
Info: Quartus II TimeQuest Timing Analyzer was successful. 0 errors, 4 warnings
    Info: Peak virtual memory: 354 megabytes
    Info: Processing ended: Fri Oct 25 17:01:44 2019
    Info: Elapsed time: 00:00:03
    Info: Total CPU time (on all processors): 00:00:02


